public class ViolationAndNonViolationOnSameLine
{
    public void dead()
    {
        int x = 5;
        int y = 2;
        System.out.println(x + y);
        y = 3;
        System.out.println(y);
    }
}
