/*
Test case to repair a single unused throwable.
 */

public class SingleUnusedThrowable {
    public void unusedThrowable() {
        throw new IllegalArgumentException(); // Noncompliant
    }
}