import java.io.Serializable;

// Test for rule s2057
public class Identifier implements Serializable { // Noncompliant

  static final long serialVersionUID = 1L;
  
}
