// Test for rule s2057
import java.io.Serializable;

class UpperClass implements Serializable { // Noncompliant
  static final long serialVersionUID = 1L;
}
