import java.io.Serializable;
public class NonSerial {
    public static class Serial implements Serializable { // Noncompliant
      private static final long serialVersionUID = 1L;
    }
}