
public class ThreadLocalInitialWithExactlyOneReturnStatement {
  
  public void bar() {
    ThreadLocal<String> threadLocal = ThreadLocal.withInitial(() -> "hello");
    threadLocal.set("42");
  }
}
